Program
  List
    Function
      Id_decl ID="a"
      Params
        List
      Block
        List
          Decl
            Id_decl ID="x"
            Opt
          Decl
            Id_decl ID="y"
            Opt
          Assign
            Id_use ID="x"
            Numeral NUMERAL="5"
          Assign
            Id_use ID="y"
            Id_use ID="x"
