Program
  List
    Function
      Id_decl ID="a"
      Params
        List
      Block
        List
          While
            Equal
              Id_use ID="a"
              Numeral NUMERAL="5"
            Block
              List
                Assign
                  Id_use ID="a"
                  Numeral NUMERAL="6"
