Program
  List
    Function
      IntType
      Id_decl ID="a"
      Params
        List
      Block
        List
          While
            Lesser
              Id_use ID="a"
              Id_use ID="b"
            Block
              List
                While
                  Greater
                    Id_use ID="b"
                    Id_use ID="a"
                  Block
                    List
                      While
                        NotEqual
                          Numeral NUMERAL="8"
                          Numeral NUMERAL="5"
                        Block
                          List
                            While
                              Equal
                                Numeral NUMERAL="8"
                                Numeral NUMERAL="1"
                              Block
                                List
